../Core/Src/esp.c:25:12:esp_at_command	24	static
../Core/Src/esp.c:51:12:esp_reset	16	static
../Core/Src/esp.c:63:12:esp_get_ip_addr	32	static
../Core/Src/esp.c:110:12:request_ip_addr	32	static
../Core/Src/esp.c:146:5:esp_client_conn	80	static
../Core/Src/esp.c:156:5:esp_get_status	16	static
../Core/Src/esp.c:167:5:drv_esp_init	8	static
../Core/Src/esp.c:174:6:reset_func	8	static
../Core/Src/esp.c:183:6:version_func	16	static
../Core/Src/esp.c:196:6:ap_conn_func	88	static
../Core/Src/esp.c:212:6:ip_state_func	16	static
../Core/Src/esp.c:228:6:HAL_UART_RxCpltCallback	16	static
../Core/Src/esp.c:259:6:AiotClient_Init	8	static
../Core/Src/esp.c:270:6:esp_send_data	88	static
../Core/Src/esp.c:282:5:drv_uart_init	8	static
../Core/Src/esp.c:288:5:drv_uart_tx_buffer	16	static
../Core/Src/esp.c:295:5:__io_putchar	16	static
