../Core/Src/main.c:204:6:esp_event	48	static
../Core/Src/main.c:243:6:calculate_degree	48	static
../Core/Src/main.c:269:20:dwt_init	4	static
../Core/Src/main.c:280:20:delay_us	24	static,ignoring_inline_asm
../Core/Src/main.c:287:10:angle_to_ccr	16	static
../Core/Src/main.c:293:20:sr04_trigger_pulse	8	static
../Core/Src/main.c:302:6:sr04_start_measure	8	static
../Core/Src/main.c:316:8:sr04_read_cm_rtos	32	static
../Core/Src/main.c:351:13:bubble_sort	32	static
../Core/Src/main.c:363:6:scan_landform	32	static
../Core/Src/main.c:385:6:find_object	32	static
../Core/Src/main.c:425:5:main	16	static
../Core/Src/main.c:529:6:SystemClock_Config	88	static
../Core/Src/main.c:576:13:MX_TIM1_Init	80	static
../Core/Src/main.c:641:13:MX_TIM5_Init	32	static
../Core/Src/main.c:696:13:MX_USART1_UART_Init	8	static
../Core/Src/main.c:729:13:MX_USART2_UART_Init	8	static
../Core/Src/main.c:762:13:MX_USART6_UART_Init	8	static
../Core/Src/main.c:795:13:MX_GPIO_Init	48	static
../Core/Src/main.c:840:6:HAL_TIM_IC_CaptureCallback	16	static
../Core/Src/main.c:863:6:StartDefaultTask	16	static
../Core/Src/main.c:880:6:StartTask02	216	static
../Core/Src/main.c:995:6:StartTask03	16	static
../Core/Src/main.c:1025:6:HAL_TIM_PeriodElapsedCallback	16	static
../Core/Src/main.c:1043:6:Error_Handler	4	static,ignoring_inline_asm
